<?xml version="1.0" encoding="UTF-8"?>
<!DOCTYPE topic PUBLIC "-//OASIS//DTD DITA Topic//EN" "topic.dtd">
<topic id="foo" rev="0.1">
  <title>Foo Bar Foo</title>
  <body></body>
</topic>
