<table frame="all" rowsep="1" colsep="1" id="table-0">
  <title>Bar</title>
  <tgroup>
    <thead></thead>
    <tbody></tbody>
  </tgroup>
</table>